<?xml version="1.0" encoding="UTF-8"?>
<drumkit version="1" xmlns="http://www.hydrogen-music.org/drumkit" xmlns:xsi="http://www.w3.org/2001/XMLSchema-instance">
 <meta>
  <name>2008</name>
  <author>Jeyzy</author>
  <info>this is a multilayer drumkit xml file dating from 2008</info>
  <license>undefined license</license>
  <image></image>
  <imageLicense>undefined license</imageLicense>
 </meta>
 <componentList>
  <drumkitComponent>
   <id>0</id>
   <name>Main</name>
   <volume>1</volume>
  </drumkitComponent>
 </componentList>
 <instrumentList>
  <instrument>
   <id>0</id>
   <name>Kick</name>
   <volume>1</volume>
   <isMuted>false</isMuted>
   <pan_L>1</pan_L>
   <pan_R>1</pan_R>
   <randomPitchFactor>0</randomPitchFactor>
   <gain>1</gain>
   <applyVelocity>true</applyVelocity>
   <filterActive>true</filterActive>
   <filterCutoff>0.95</filterCutoff>
   <filterResonance>0</filterResonance>
   <Attack>0</Attack>
   <Decay>0</Decay>
   <Sustain>1</Sustain>
   <Release>1000</Release>
   <muteGroup>-1</muteGroup>
   <midiOutChannel>-1</midiOutChannel>
   <midiOutNote>60</midiOutNote>
   <isStopNote>true</isStopNote>
   <sampleSelectionAlgo>VELOCITY</sampleSelectionAlgo>
   <isHihat>-1</isHihat>
   <lower_cc>0</lower_cc>
   <higher_cc>127</higher_cc>
   <FX1Level>0</FX1Level>
   <FX2Level>0</FX2Level>
   <FX3Level>0</FX3Level>
   <FX4Level>0</FX4Level>
   <instrumentComponent>
    <component_id>0</component_id>
    <gain>1</gain>
    <layer>
     <filename>bd_01.flac</filename>
     <min>0</min>
     <max>0.324786</max>
     <gain>3</gain>
     <pitch>0</pitch>
    </layer>
    <layer>
     <filename>bd_02.flac</filename>
     <min>0.303419</min>
     <max>0.675214</max>
     <gain>2.7</gain>
     <pitch>0</pitch>
    </layer>
    <layer>
     <filename>bd_03.flac</filename>
     <min>0.662393</min>
     <max>0.918803</max>
     <gain>2.4</gain>
     <pitch>0</pitch>
    </layer>
    <layer>
     <filename>bd_04.flac</filename>
     <min>0.901709</min>
     <max>1</max>
     <gain>1.95</gain>
     <pitch>0</pitch>
    </layer>
   </instrumentComponent>
  </instrument>
  <instrument>
   <id>1</id>
   <name>Stick</name>
   <volume>0.69</volume>
   <isMuted>false</isMuted>
   <pan_L>0.7</pan_L>
   <pan_R>1</pan_R>
   <randomPitchFactor>0</randomPitchFactor>
   <gain>1</gain>
   <applyVelocity>true</applyVelocity>
   <filterActive>false</filterActive>
   <filterCutoff>1</filterCutoff>
   <filterResonance>0</filterResonance>
   <Attack>0</Attack>
   <Decay>0</Decay>
   <Sustain>1</Sustain>
   <Release>1000</Release>
   <muteGroup>-1</muteGroup>
   <midiOutChannel>-1</midiOutChannel>
   <midiOutNote>60</midiOutNote>
   <isStopNote>true</isStopNote>
   <sampleSelectionAlgo>VELOCITY</sampleSelectionAlgo>
   <isHihat>-1</isHihat>
   <lower_cc>0</lower_cc>
   <higher_cc>127</higher_cc>
   <FX1Level>0</FX1Level>
   <FX2Level>0</FX2Level>
   <FX3Level>0</FX3Level>
   <FX4Level>0</FX4Level>
   <instrumentComponent>
    <component_id>0</component_id>
    <gain>1</gain>
    <layer>
     <filename>rs_01.flac</filename>
     <min>0</min>
     <max>0.491453</max>
     <gain>4.25</gain>
     <pitch>0</pitch>
    </layer>
    <layer>
     <filename>rs_02.flac</filename>
     <min>0.452991</min>
     <max>0.880342</max>
     <gain>2.55</gain>
     <pitch>0</pitch>
    </layer>
    <layer>
     <filename>rs_03.flac</filename>
     <min>0.858974</min>
     <max>1</max>
     <gain>3.3</gain>
     <pitch>0</pitch>
    </layer>
   </instrumentComponent>
  </instrument>
 </instrumentList>
</drumkit>
